Copyright 1986-2022 Xilinx, Inc. All Rights Reserved. Copyright 2022-2024 Advanced Micro Devices, Inc. All Rights Reserved.
----------------------------------------------------------------------------------------------------------------------------------------------------------------------
| Tool Version      : Vivado v.2024.2 (lin64) Build 5239630 Fri Nov 08 22:34:34 MST 2024
| Date              : Tue Sep  8 12:15:05 2026
| Host              : user-System-Product-Name running 64-bit Ubuntu 24.04 LTS
| Command           : report_clock_interaction -file /home/kyu/workspace/xczu47dr-rfdc-xs17-250mhz/artifacts/tdc_20260907/custom_xczu47dr_slave_clock_interaction.rpt
| Design            : TopCustomXczu47dr
| Device            : xczu47dr-ffvg1517
| Speed File        : -2  PRODUCTION 1.32 01-31-2021
| Design State      : Physopt postRoute
| Temperature Grade : I
----------------------------------------------------------------------------------------------------------------------------------------------------------------------

Clock Interaction Report

Clock Interaction Table
-----------------------

                                                                                                                                                                                                          WNS                            TNS Failing  TNS Total    WNS Path         Clock-Pair           Inter-Clock              
From Clock                                                                                           To Clock                                                                                             Clock Edges  WNS(ns)  TNS(ns)    Endpoints    Endpoints  Requirement(ns)  Classification       Constraints              
---------------------------------------------------------------------------------------------------  ---------------------------------------------------------------------------------------------------  -----------  -------  -------  -----------  -----------  ---------------  -------------------  -----------------------  
PL_CLK_P_0                                                                                           PL_CLK_P_0                                                                                           rise - rise     6.12     0.00            0         3141            10.42  Clean                Timed                    
PL_CLK_P_0                                                                                           RFDAC2_CLK                                                                                                                                    0            2                   Ignored              Asynchronous Groups      
PL_CLK_P_0                                                                                           clk_pl_0                                                                                                                                      0           97                   Ignored              Asynchronous Groups      
PL_CLK_P_0                                                                                           mmcm_clkout0                                                                                                                                  0            1                   Ignored              Asynchronous Groups      
PL_CLK_P_0                                                                                           mmcm_clkout5                                                                                                                                  0           19                   Ignored              Asynchronous Groups      
RFADC0_CLK                                                                                           clk_pl_0                                                                                                                                      0            8                   Ignored              False Path               
RFADC1_CLK                                                                                           clk_pl_0                                                                                                                                      0            8                   Ignored              False Path               
RFADC2_CLK                                                                                           clk_pl_0                                                                                                                                      0            8                   Ignored              False Path               
RFADC3_CLK                                                                                           clk_pl_0                                                                                                                                      0            8                   Ignored              False Path               
RFDAC0_CLK                                                                                           clk_pl_0                                                                                                                                      0            8                   Ignored              False Path               
RFDAC1_CLK                                                                                           clk_pl_0                                                                                                                                      0            8                   Ignored              False Path               
RFDAC2_CLK                                                                                           PL_CLK_P_0                                                                                                                                    0            1                   Ignored              Asynchronous Groups      
RFDAC2_CLK                                                                                           RFDAC2_CLK                                                                                           rise - rise     3.82     0.00            0       332229            20.00  Clean                Partial False Path       
RFDAC2_CLK                                                                                           clk_200mhz_unbuf                                                                                     fall - fall     1.65     0.00            0          287             2.50  Clean                Partial False Path       
RFDAC2_CLK                                                                                           clk_pl_0                                                                                                                                      0           28                   Ignored              Asynchronous Groups      
RFDAC2_CLK                                                                                           mmcm_clkout0                                                                                                                                  0          192                   Ignored              Asynchronous Groups      
RFDAC2_CLK                                                                                           mmcm_clkout5                                                                                                                                  0           19                   Ignored              False Path               
RFDAC3_CLK                                                                                           clk_pl_0                                                                                                                                      0            8                   Ignored              False Path               
c0_sys_clk_p                                                                                         c0_sys_clk_p                                                                                         rise - rise     2.95     0.00            0           23             5.00  Clean                Timed                    
c0_sys_clk_p                                                                                         mmcm_clkout0                                                                                                                                  0            1                   Ignored              False Path               
c0_sys_clk_p                                                                                         mmcm_clkout6                                                                                                                                  0            2                   Ignored              False Path               
clk_200mhz_unbuf                                                                                     RFDAC2_CLK                                                                                           rise - rise     3.32     0.00            0           74             5.00  Clean                Partial False Path       
clk_200mhz_unbuf                                                                                     clk_200mhz_unbuf                                                                                     rise - rise     0.22     0.00            0        41412             5.00  Clean                Partial False Path       
clk_200mhz_unbuf                                                                                     mmcm_clkout0                                                                                                                                  0           62                   Ignored              Asynchronous Groups      
clk_pl_0                                                                                             PL_CLK_P_0                                                                                                                                    0           12                   Ignored              Asynchronous Groups      
clk_pl_0                                                                                             RFDAC2_CLK                                                                                                                                    0           12                   Ignored              Asynchronous Groups      
clk_pl_0                                                                                             clk_200mhz_unbuf                                                                                                                              0         2048                   Ignored              Asynchronous Groups      
clk_pl_0                                                                                             clk_pl_0                                                                                             rise - rise     2.38     0.00            0        54377            10.00  Clean                Partial False Path       
clk_pl_0                                                                                             mmcm_clkout0                                                                                                                                  0          521                   Ignored              Asynchronous Groups      
clk_pl_0                                                                                             rxoutclk_out[0]                                                                                                                               0           37                   Ignored              False Path               
clk_pl_0                                                                                             txoutclk_out[0]                                                                                                                               0           50                   Ignored              False Path               
dbg_hub/inst/BSCANID.u_xsdbm_id/SWITCH_N_EXT_BSCAN.bscan_inst/SERIES7_BSCAN.bscan_inst/INTERNAL_TCK  dbg_hub/inst/BSCANID.u_xsdbm_id/SWITCH_N_EXT_BSCAN.bscan_inst/SERIES7_BSCAN.bscan_inst/INTERNAL_TCK  rise - fall    11.94     0.00            0         1112            25.00  Clean                Timed                    
dbg_hub/inst/BSCANID.u_xsdbm_id/SWITCH_N_EXT_BSCAN.bscan_inst/SERIES7_BSCAN.bscan_inst/INTERNAL_TCK  mmcm_clkout5                                                                                         rise - rise    49.60     0.00            0           90            50.00  Ignored              Max Delay Datapath Only  
dna_clk                                                                                              dna_clk                                                                                              rise - rise     1.06     0.00            0          655             6.66  Clean                Timed                    
dna_clk                                                                                              mmcm_clkout0                                                                                         rise - rise     1.18     0.00            0          113             3.33  Clean                Timed                    
mmcm_clkout0                                                                                         PL_CLK_P_0                                                                                                                                    0            2                   Ignored              Asynchronous Groups      
mmcm_clkout0                                                                                         RFDAC2_CLK                                                                                                                                    0         1222                   Ignored              Asynchronous Groups      
mmcm_clkout0                                                                                         clk_200mhz_unbuf                                                                                                                              0           50                   Ignored              Asynchronous Groups      
mmcm_clkout0                                                                                         clk_pl_0                                                                                                                                      0          839                   Ignored              Asynchronous Groups      
mmcm_clkout0                                                                                         dna_clk                                                                                                                                       0            3                   Ignored              False Path               
mmcm_clkout0                                                                                         mmcm_clkout0                                                                                         rise - rise     0.02     0.00            0       206181             3.33  Clean                Partial False Path       
mmcm_clkout0                                                                                         mmcm_clkout5                                                                                         rise - rise    11.41     0.00            0           48            12.00  Ignored              Max Delay Datapath Only  
mmcm_clkout0                                                                                         mmcm_clkout6                                                                                         rise - rise     1.21     0.00            0           36             3.33  Clean                Timed                    
mmcm_clkout0                                                                                         pll_clk[0]_DIV                                                                                       rise - rise     0.69     0.00            0          264             3.33  Clean                Timed                    
mmcm_clkout0                                                                                         pll_clk[1]_DIV                                                                                       rise - rise     0.76     0.00            0          300             3.33  Clean                Timed                    
mmcm_clkout0                                                                                         pll_clk[2]_DIV                                                                                       rise - rise     0.74     0.00            0          352             3.33  Clean                Timed                    
mmcm_clkout0                                                                                         rxoutclk_out[0]                                                                                                                               0           14                   Ignored              False Path               
mmcm_clkout0                                                                                         txoutclk_out[0]                                                                                                                               0           14                   Ignored              False Path               
mmcm_clkout5                                                                                         PL_CLK_P_0                                                                                                                                    0           84                   Ignored              Asynchronous Groups      
mmcm_clkout5                                                                                         RFDAC2_CLK                                                                                                                                    0           96                   Ignored              False Path               
mmcm_clkout5                                                                                         dbg_hub/inst/BSCANID.u_xsdbm_id/SWITCH_N_EXT_BSCAN.bscan_inst/SERIES7_BSCAN.bscan_inst/INTERNAL_TCK  rise - rise    12.95     0.00            0          106            13.33  Ignored              Max Delay Datapath Only  
mmcm_clkout5                                                                                         mmcm_clkout0                                                                                         rise - rise     2.35     0.00            0          210             3.00  Ignored              Max Delay Datapath Only  
mmcm_clkout5                                                                                         mmcm_clkout5                                                                                         rise - rise     6.33     0.00            0        18743            13.33  Clean                Timed                    
mmcm_clkout6                                                                                         mmcm_clkout0                                                                                         rise - rise     1.58     0.00            0          127             3.00  Ignored              Max Delay Datapath Only  
mmcm_clkout6                                                                                         mmcm_clkout6                                                                                         rise - rise     1.59     0.00            0         5609             6.66  Clean                Partial False Path       
rxoutclk_out[0]                                                                                      clk_pl_0                                                                                             rise - rise     7.14     0.00            0           48            10.00  Ignored              Max Delay Datapath Only  
rxoutclk_out[0]                                                                                      mmcm_clkout0                                                                                                                                  0           14                   Ignored              False Path               
rxoutclk_out[0]                                                                                      rxoutclk_out[0]                                                                                      rise - rise     2.64     0.00            0        17188             6.40  Clean                Partial False Path       
rxoutclk_out[0]                                                                                      txoutclk_out[0]                                                                                                                               0            1                   Ignored              False Path               
txoutclk_out[0]                                                                                      clk_pl_0                                                                                             rise - rise     6.99     0.00            0           47            10.00  Ignored              Max Delay Datapath Only  
txoutclk_out[0]                                                                                      mmcm_clkout0                                                                                                                                  0           14                   Ignored              False Path               
txoutclk_out[0]                                                                                      rxoutclk_out[0]                                                                                                                               0            2                   Ignored              False Path               
txoutclk_out[0]                                                                                      txoutclk_out[0]                                                                                      rise - rise     1.38     0.00            0        15260             6.40  Clean                Partial False Path       
txoutclkpcs_out[0]                                                                                   txoutclkpcs_out[0]                                                                                   rise - rise     4.89     0.00            0           34             6.21  Clean                Timed                    


