Copyright 1986-2022 Xilinx, Inc. All Rights Reserved. Copyright 2022-2024 Advanced Micro Devices, Inc. All Rights Reserved.
--------------------------------------------------------------------------------------------------------------------------------------------------
| Tool Version      : Vivado v.2024.2 (lin64) Build 5239630 Fri Nov 08 22:34:34 MST 2024
| Date              : Tue Sep  8 12:15:16 2026
| Host              : user-System-Product-Name running 64-bit Ubuntu 24.04 LTS
| Command           : report_cdc -file /home/kyu/workspace/xczu47dr-rfdc-xs17-250mhz/artifacts/tdc_20260907/custom_xczu47dr_slave_cdc.rpt
| Design            : TopCustomXczu47dr
| Device            : xczu47dr-ffvg1517
| Speed File        : -2  PRODUCTION 1.32 01-31-2021
| Design State      : Physopt postRoute
| Temperature Grade : I
--------------------------------------------------------------------------------------------------------------------------------------------------

CDC Report

Severity  Source Clock                                                                                         Destination Clock                                                                                    CDC Type                 Exceptions               Endpoints  Safe  Unsafe  Unknown  No ASYNC_REG  
--------  ---------------------------------------------------------------------------------------------------  ---------------------------------------------------------------------------------------------------  -----------------------  -----------------------  ---------  ----  ------  -------  ------------  
Critical  RFDAC2_CLK                                                                                           PL_CLK_P_0                                                                                           No Common Primary Clock  Asynch Clock Groups              1     0       1        0             0  
Critical  clk_pl_0                                                                                             PL_CLK_P_0                                                                                           No Common Primary Clock  Asynch Clock Groups             12     2       5        5             0  
Critical  input port clock                                                                                     PL_CLK_P_0                                                                                           No Common Primary Clock  False Path                       4     2       1        1             0  
Critical  input port clock                                                                                     RFDAC2_CLK                                                                                           No Common Primary Clock  False Path                       1     0       0        1             0  
Critical  mmcm_clkout0                                                                                         RFDAC2_CLK                                                                                           No Common Primary Clock  Asynch Clock Groups           1138   555      97      486             0  
Critical  clk_pl_0                                                                                             clk_200mhz_unbuf                                                                                     No Common Primary Clock  Asynch Clock Groups           2048     0       0     2048             0  
Critical  input port clock                                                                                     clk_200mhz_unbuf                                                                                     No Common Primary Clock  False Path                    2048     0       0     2048             0  
Critical  mmcm_clkout0                                                                                         clk_200mhz_unbuf                                                                                     No Common Primary Clock  Asynch Clock Groups             50    42       0        8            41  
Critical  PL_CLK_P_0                                                                                           clk_pl_0                                                                                             No Common Primary Clock  Asynch Clock Groups             97     1       0       96             0  
Critical  RFDAC2_CLK                                                                                           clk_pl_0                                                                                             No Common Primary Clock  Asynch Clock Groups             13     9       4        0             0  
Critical  mmcm_clkout0                                                                                         clk_pl_0                                                                                             No Common Primary Clock  Asynch Clock Groups            831   729       1      101             0  
Critical  rxoutclk_out[0]                                                                                      clk_pl_0                                                                                             No Common Primary Clock  Max Delay Datapath Only         12    10       2        0             0  
Critical  RFDAC2_CLK                                                                                           mmcm_clkout0                                                                                         No Common Primary Clock  Asynch Clock Groups             20    18       2        0             3  
Critical  clk_200mhz_unbuf                                                                                     mmcm_clkout0                                                                                         No Common Primary Clock  Asynch Clock Groups             62    61       1        0            58  
Critical  clk_pl_0                                                                                             mmcm_clkout0                                                                                         No Common Primary Clock  Asynch Clock Groups            517   297     110      110            96  
Warning   mmcm_clkout5                                                                                         PL_CLK_P_0                                                                                           No Common Primary Clock  Asynch Clock Groups             58    58       0        0             0  
Warning   mmcm_clkout5                                                                                         RFDAC2_CLK                                                                                           No Common Primary Clock  False Path                      70    70       0        0             0  
Warning   RFADC0_CLK                                                                                           clk_pl_0                                                                                             No Common Primary Clock  False Path                       8     8       0        0             0  
Warning   RFADC1_CLK                                                                                           clk_pl_0                                                                                             No Common Primary Clock  False Path                       8     8       0        0             0  
Warning   RFADC2_CLK                                                                                           clk_pl_0                                                                                             No Common Primary Clock  False Path                       8     8       0        0             0  
Warning   RFADC3_CLK                                                                                           clk_pl_0                                                                                             No Common Primary Clock  False Path                       8     8       0        0             0  
Warning   RFDAC0_CLK                                                                                           clk_pl_0                                                                                             No Common Primary Clock  False Path                       8     8       0        0             0  
Warning   RFDAC1_CLK                                                                                           clk_pl_0                                                                                             No Common Primary Clock  False Path                       8     8       0        0             0  
Warning   RFDAC3_CLK                                                                                           clk_pl_0                                                                                             No Common Primary Clock  False Path                       8     8       0        0             0  
Warning   mmcm_clkout5                                                                                         dbg_hub/inst/BSCANID.u_xsdbm_id/SWITCH_N_EXT_BSCAN.bscan_inst/SERIES7_BSCAN.bscan_inst/INTERNAL_TCK  No Common Primary Clock  Max Delay Datapath Only          4     4       0        0             0  
Warning   mmcm_clkout5                                                                                         mmcm_clkout0                                                                                         Safely Timed             Max Delay Datapath Only        158   158       0        0             0  
Warning   rxoutclk_out[0]                                                                                      mmcm_clkout0                                                                                         No Common Primary Clock  False Path                      14    14       0        0             0  
Warning   txoutclk_out[0]                                                                                      mmcm_clkout0                                                                                         No Common Primary Clock  False Path                      14    14       0        0             0  
Warning   PL_CLK_P_0                                                                                           mmcm_clkout5                                                                                         No Common Primary Clock  Asynch Clock Groups             19    19       0        0             0  
Warning   RFDAC2_CLK                                                                                           mmcm_clkout5                                                                                         No Common Primary Clock  False Path                      19    19       0        0             0  
Warning   dbg_hub/inst/BSCANID.u_xsdbm_id/SWITCH_N_EXT_BSCAN.bscan_inst/SERIES7_BSCAN.bscan_inst/INTERNAL_TCK  mmcm_clkout5                                                                                         No Common Primary Clock  Max Delay Datapath Only         11    11       0        0             0  
Warning   mmcm_clkout0                                                                                         mmcm_clkout5                                                                                         Safely Timed             Max Delay Datapath Only         48    48       0        0             0  
Warning   mmcm_clkout0                                                                                         rxoutclk_out[0]                                                                                      No Common Primary Clock  False Path                      14    14       0        0             0  
Warning   clk_pl_0                                                                                             txoutclk_out[0]                                                                                      No Common Primary Clock  False Path                      42    42       0        0             0  
Warning   mmcm_clkout0                                                                                         txoutclk_out[0]                                                                                      No Common Primary Clock  False Path                      14    14       0        0             0  
Info      mmcm_clkout0                                                                                         PL_CLK_P_0                                                                                           No Common Primary Clock  Asynch Clock Groups              2     2       0        0             0  
Info      PL_CLK_P_0                                                                                           RFDAC2_CLK                                                                                           No Common Primary Clock  Asynch Clock Groups              2     2       0        0             0  
Info      clk_200mhz_unbuf                                                                                     RFDAC2_CLK                                                                                           Safely Timed             None                            72    72       0        0             0  
Info      clk_pl_0                                                                                             RFDAC2_CLK                                                                                           No Common Primary Clock  Asynch Clock Groups              9     9       0        0             0  
Info      RFDAC2_CLK                                                                                           clk_200mhz_unbuf                                                                                     Safely Timed             None                           284   284       0        0             0  
Info      input port clock                                                                                     clk_pl_0                                                                                             No Common Primary Clock  False Path                       1     1       0        0             0  
Info      txoutclk_out[0]                                                                                      clk_pl_0                                                                                             No Common Primary Clock  Max Delay Datapath Only         11    11       0        0             0  
Info      mmcm_clkout0                                                                                         dna_clk                                                                                              User Ignored             False Path                       1     1       0        0             0  
Info      PL_CLK_P_0                                                                                           mmcm_clkout0                                                                                         No Common Primary Clock  Asynch Clock Groups              1     1       0        0             0  
Info      c0_sys_clk_p                                                                                         mmcm_clkout0                                                                                         User Ignored             False Path                       1     1       0        0             0  
Info      dna_clk                                                                                              mmcm_clkout0                                                                                         Safely Timed             None                           113   113       0        0             0  
Info      mmcm_clkout6                                                                                         mmcm_clkout0                                                                                         Safely Timed             Max Delay Datapath Only        127   127       0        0             0  
Info      c0_sys_clk_p                                                                                         mmcm_clkout6                                                                                         User Ignored             False Path                       2     2       0        0             0  
Info      mmcm_clkout0                                                                                         mmcm_clkout6                                                                                         Safely Timed             None                            36    36       0        0             0  
Info      mmcm_clkout0                                                                                         pll_clk[0]_DIV                                                                                       Safely Timed             None                           264   264       0        0             0  
Info      mmcm_clkout0                                                                                         pll_clk[1]_DIV                                                                                       Safely Timed             None                           300   300       0        0             0  
Info      mmcm_clkout0                                                                                         pll_clk[2]_DIV                                                                                       Safely Timed             None                           352   352       0        0             0  
Info      clk_pl_0                                                                                             rxoutclk_out[0]                                                                                      No Common Primary Clock  False Path                      27    27       0        0             0  
Info      txoutclk_out[0]                                                                                      rxoutclk_out[0]                                                                                      No Common Node           False Path                       2     2       0        0             0  
Info      rxoutclk_out[0]                                                                                      txoutclk_out[0]                                                                                      No Common Node           False Path                       1     1       0        0             0  

