Copyright 1986-2022 Xilinx, Inc. All Rights Reserved. Copyright 2022-2024 Advanced Micro Devices, Inc. All Rights Reserved.
-----------------------------------------------------------------------------------------------------------------------------------------------------
| Tool Version : Vivado v.2024.2 (lin64) Build 5239630 Fri Nov 08 22:34:34 MST 2024
| Date         : Tue Sep  8 12:15:04 2026
| Host         : user-System-Product-Name running 64-bit Ubuntu 24.04 LTS
| Command      : report_utilization -file /home/kyu/workspace/xczu47dr-rfdc-xs17-250mhz/artifacts/tdc_20260907/custom_xczu47dr_slave_utilization.rpt
| Design       : TopCustomXczu47dr
| Device       : xczu47dr-ffvg1517-2-i
| Speed File   : -2
| Design State : Physopt postRoute
-----------------------------------------------------------------------------------------------------------------------------------------------------

Utilization Design Information

Table of Contents
-----------------
1. CLB Logic
1.1 Summary of Registers by Type
2. CLB Logic Distribution
3. BLOCKRAM
4. ARITHMETIC
5. I/O
6. CLOCK
7. ADVANCED
8. CONFIGURATION
9. Primitives
10. Black Boxes
11. Instantiated Netlists

1. CLB Logic
------------

+----------------------------+--------+-------+------------+-----------+-------+
|          Site Type         |  Used  | Fixed | Prohibited | Available | Util% |
+----------------------------+--------+-------+------------+-----------+-------+
| CLB LUTs                   | 188022 |     0 |          0 |    425280 | 44.21 |
|   LUT as Logic             | 172056 |     0 |          0 |    425280 | 40.46 |
|   LUT as Memory            |  15966 |     0 |          0 |    213600 |  7.47 |
|     LUT as Distributed RAM |   8812 |     0 |            |           |       |
|     LUT as Shift Register  |   7154 |     0 |            |           |       |
| CLB Registers              | 171059 |  2048 |          0 |    850560 | 20.11 |
|   Register as Flip Flop    | 171058 |  2048 |          0 |    850560 | 20.11 |
|   Register as Latch        |      0 |     0 |          0 |    850560 |  0.00 |
|   Register as AND/OR       |      1 |     0 |          0 |    850560 | <0.01 |
| CARRY8                     |  12468 |   256 |          0 |     53160 | 23.45 |
| F7 Muxes                   |   4666 |     0 |          0 |    212640 |  2.19 |
| F8 Muxes                   |    221 |     0 |          0 |    106320 |  0.21 |
| F9 Muxes                   |      0 |     0 |          0 |     53160 |  0.00 |
+----------------------------+--------+-------+------------+-----------+-------+
* Warning! LUT value is adjusted to account for LUT combining.


1.1 Summary of Registers by Type
--------------------------------

+--------+--------------+-------------+--------------+
|  Total | Clock Enable | Synchronous | Asynchronous |
+--------+--------------+-------------+--------------+
| 1      |            _ |           - |            - |
| 0      |            _ |           - |          Set |
| 0      |            _ |           - |        Reset |
| 0      |            _ |         Set |            - |
| 0      |            _ |       Reset |            - |
| 0      |          Yes |           - |            - |
| 335    |          Yes |           - |          Set |
| 26300  |          Yes |           - |        Reset |
| 3618   |          Yes |         Set |            - |
| 140805 |          Yes |       Reset |            - |
+--------+--------------+-------------+--------------+


2. CLB Logic Distribution
-------------------------

+--------------------------------------------+--------+-------+------------+-----------+-------+
|                  Site Type                 |  Used  | Fixed | Prohibited | Available | Util% |
+--------------------------------------------+--------+-------+------------+-----------+-------+
| CLB                                        |  35513 |     0 |          0 |     53160 | 66.80 |
|   CLBL                                     |  17314 |     0 |            |           |       |
|   CLBM                                     |  18199 |     0 |            |           |       |
| LUT as Logic                               | 172056 |     0 |          0 |    425280 | 40.46 |
|   using O5 output only                     |   1870 |       |            |           |       |
|   using O6 output only                     | 132730 |       |            |           |       |
|   using O5 and O6                          |  37456 |       |            |           |       |
| LUT as Memory                              |  15966 |     0 |          0 |    213600 |  7.47 |
|   LUT as Distributed RAM                   |   8812 |     0 |            |           |       |
|     using O5 output only                   |      0 |       |            |           |       |
|     using O6 output only                   |   3862 |       |            |           |       |
|     using O5 and O6                        |   4950 |       |            |           |       |
|   LUT as Shift Register                    |   7154 |     0 |            |           |       |
|     using O5 output only                   |     12 |       |            |           |       |
|     using O6 output only                   |   2979 |       |            |           |       |
|     using O5 and O6                        |   4163 |       |            |           |       |
| CLB Registers                              | 171059 |     0 |          0 |    850560 | 20.11 |
|   Register driven from within the CLB      | 103978 |       |            |           |       |
|   Register driven from outside the CLB     |  67081 |       |            |           |       |
|     LUT in front of the register is unused |  41109 |       |            |           |       |
|     LUT in front of the register is used   |  25972 |       |            |           |       |
| Unique Control Sets                        |   4124 |       |          0 |    106320 |  3.88 |
+--------------------------------------------+--------+-------+------------+-----------+-------+
* * Note: Available Control Sets calculated as Slices * 2, Review the Control Sets Report for more information regarding control sets.


3. BLOCKRAM
-----------

+-------------------+------+-------+------------+-----------+-------+
|     Site Type     | Used | Fixed | Prohibited | Available | Util% |
+-------------------+------+-------+------------+-----------+-------+
| Block RAM Tile    |  284 |     0 |          0 |      1080 | 26.30 |
|   RAMB36/FIFO*    |  264 |     0 |          0 |      1080 | 24.44 |
|     RAMB36E2 only |  264 |       |            |           |       |
|   RAMB18          |   40 |     0 |          0 |      2160 |  1.85 |
|     RAMB18E2 only |   40 |       |            |           |       |
| URAM              |    2 |     0 |          0 |        80 |  2.50 |
+-------------------+------+-------+------------+-----------+-------+
* Note: Each Block RAM Tile only has one FIFO logic available and therefore can accommodate only one FIFO36E2 or one FIFO18E2. However, if a FIFO18E2 occupies a Block RAM Tile, that tile can still accommodate a RAMB18E2


4. ARITHMETIC
-------------

+----------------+------+-------+------------+-----------+-------+
|    Site Type   | Used | Fixed | Prohibited | Available | Util% |
+----------------+------+-------+------------+-----------+-------+
| DSPs           | 2381 |     0 |          0 |      4272 | 55.74 |
|   DSP48E2 only | 2381 |       |            |           |       |
+----------------+------+-------+------------+-----------+-------+


5. I/O
------

+------------------+------+-------+------------+-----------+-------+
|     Site Type    | Used | Fixed | Prohibited | Available | Util% |
+------------------+------+-------+------------+-----------+-------+
| Bonded IOB       |  131 |   131 |          0 |       347 | 37.75 |
| HPIOB_M          |   63 |    63 |          0 |       138 | 45.65 |
|   INPUT          |    1 |       |            |           |       |
|   OUTPUT         |   14 |       |            |           |       |
|   BIDIR          |   48 |       |            |           |       |
| HPIOB_S          |   54 |    54 |          0 |       138 | 39.13 |
|   INPUT          |    1 |       |            |           |       |
|   OUTPUT         |   13 |       |            |           |       |
|   BIDIR          |   40 |       |            |           |       |
| HDIOB_M          |    6 |     6 |          0 |        24 | 25.00 |
|   INPUT          |    3 |       |            |           |       |
|   OUTPUT         |    3 |       |            |           |       |
|   BIDIR          |    0 |       |            |           |       |
| HDIOB_S          |    7 |     7 |          0 |        24 | 29.17 |
|   INPUT          |    2 |       |            |           |       |
|   OUTPUT         |    4 |       |            |           |       |
|   BIDIR          |    1 |       |            |           |       |
| HPIOB_SNGL       |    1 |     1 |          0 |        23 |  4.35 |
|   INPUT          |    0 |       |            |           |       |
|   OUTPUT         |    1 |       |            |           |       |
|   BIDIR          |    0 |       |            |           |       |
| HPIOBDIFFINBUF   |    9 |     9 |          0 |       192 |  4.69 |
|   DIFFINBUF      |    9 |     9 |            |           |       |
| HPIOBDIFFOUTBUF  |    0 |     0 |          0 |       192 |  0.00 |
| HDIOBDIFFINBUF   |    2 |     2 |          0 |        72 |  2.78 |
|   DIFFINBUF      |    2 |     2 |            |           |       |
| BITSLICE_CONTROL |   21 |     0 |          0 |        64 | 32.81 |
| BITSLICE_RX_TX   |  105 |   105 |          0 |      2496 |  4.21 |
|   RXTX_BITSLICE  |  105 |   105 |            |           |       |
| BITSLICE_TX      |   21 |     0 |          0 |        64 | 32.81 |
| RIU_OR           |   11 |     0 |          0 |        32 | 34.38 |
| RF_ADC           |    0 |     0 |          4 |         4 |  0.00 |
| RF_DAC           |    0 |     0 |          4 |         4 |  0.00 |
+------------------+------+-------+------------+-----------+-------+


6. CLOCK
--------

+------------+------+-------+------------+-----------+-------+
|  Site Type | Used | Fixed | Prohibited | Available | Util% |
+------------+------+-------+------------+-----------+-------+
| BUFGCE     |   15 |     0 |          0 |       216 |  6.94 |
| BUFGCE_DIV |    1 |     0 |          0 |        32 |  3.13 |
| BUFG_GT    |    3 |     0 |          0 |       312 |  0.96 |
| BUFG_PS    |    1 |     0 |          0 |        72 |  1.39 |
| BUFGCTRL*  |    0 |     0 |          0 |        64 |  0.00 |
| PLL        |    3 |     0 |          0 |        16 | 18.75 |
| MMCM       |    2 |     1 |          0 |         8 | 25.00 |
+------------+------+-------+------------+-----------+-------+
* Note: Each used BUFGCTRL counts as two GLOBAL CLOCK BUFFERs. This table does not include global clocking resources, only buffer cell usage. See the Clock Utilization Report (report_clock_utilization) for detailed accounting of global clocking resource availability.


7. ADVANCED
-----------

+-----------------+------+-------+------------+-----------+--------+
|    Site Type    | Used | Fixed | Prohibited | Available |  Util% |
+-----------------+------+-------+------------+-----------+--------+
| CMACE4          |    0 |     0 |          0 |         2 |   0.00 |
| GTYE4_CHANNEL   |    1 |     1 |          0 |        16 |   6.25 |
| GTYE4_COMMON    |    1 |     1 |          0 |         4 |  25.00 |
| ILKNE4          |    0 |     0 |          0 |         1 |   0.00 |
| OBUFDS_GTE4     |    0 |     0 |          0 |         8 |   0.00 |
| OBUFDS_GTE4_ADV |    0 |     0 |          0 |         8 |   0.00 |
| PCIE4CE4        |    0 |     0 |          0 |         2 |   0.00 |
| PS8             |    1 |     0 |          0 |         1 | 100.00 |
| RFADC           |    4 |     4 |          0 |         4 | 100.00 |
| RFDAC           |    4 |     4 |          0 |         4 | 100.00 |
| SYSMONE4        |    0 |     0 |          0 |         1 |   0.00 |
| RFADC_13B4W_M0  |    0 |     0 |          0 |         4 |   0.00 |
+-----------------+------+-------+------------+-----------+--------+


8. CONFIGURATION
----------------

+-------------+------+-------+------------+-----------+--------+
|  Site Type  | Used | Fixed | Prohibited | Available |  Util% |
+-------------+------+-------+------------+-----------+--------+
| BSCANE2     |    1 |     0 |          0 |         4 |  25.00 |
| DNA_PORTE2  |    1 |     0 |          0 |         1 | 100.00 |
| EFUSE_USR   |    0 |     0 |          0 |         1 |   0.00 |
| FRAME_ECCE4 |    0 |     0 |          0 |         1 |   0.00 |
| ICAPE3      |    0 |     0 |          0 |         2 |   0.00 |
| MASTER_JTAG |    0 |     0 |          0 |         1 |   0.00 |
| STARTUPE3   |    0 |     0 |          0 |         1 |   0.00 |
+-------------+------+-------+------------+-----------+--------+


9. Primitives
-------------

+------------------+--------+---------------------+
|     Ref Name     |  Used  | Functional Category |
+------------------+--------+---------------------+
| FDRE             | 140805 |            Register |
| LUT6             |  54062 |                 CLB |
| LUT2             |  53418 |                 CLB |
| LUT3             |  40230 |                 CLB |
| FDCE             |  26300 |            Register |
| LUT5             |  22757 |                 CLB |
| LUT4             |  19845 |                 CLB |
| LUT1             |  19200 |                 CLB |
| CARRY8           |  12468 |                 CLB |
| RAMD32           |   8450 |                 CLB |
| SRL16E           |   6856 |                 CLB |
| MUXF7            |   4666 |                 CLB |
| SRLC32E          |   4453 |                 CLB |
| RAMD64E          |   3856 |                 CLB |
| FDSE             |   3618 |            Register |
| DSP48E2          |   2381 |          Arithmetic |
| RAMS32           |   1456 |                 CLB |
| FDPE             |    335 |            Register |
| RAMB36E2         |    264 |            BLOCKRAM |
| MUXF8            |    221 |                 CLB |
| RXTX_BITSLICE    |    105 |                 I/O |
| IBUFCTRL         |     85 |              Others |
| INBUF            |     74 |                 I/O |
| OBUFT_DCIEN      |     72 |                 I/O |
| RAMB18E2         |     40 |            BLOCKRAM |
| OBUF             |     35 |                 I/O |
| TX_BITSLICE_TRI  |     21 |                 I/O |
| BITSLICE_CONTROL |     21 |                 I/O |
| OBUFT            |     17 |                 I/O |
| BUFGCE           |     15 |               Clock |
| RIU_OR           |     11 |                 I/O |
| DIFFINBUF        |     11 |                 I/O |
| INV              |      9 |                 CLB |
| SRLC16E          |      8 |                 CLB |
| HPIO_VREF        |      8 |                 I/O |
| RFDAC            |      4 |            Advanced |
| RFADC            |      4 |            Advanced |
| PLLE4_ADV        |      3 |               Clock |
| BUFG_GT_SYNC     |      3 |               Clock |
| BUFG_GT          |      3 |               Clock |
| URAM288          |      2 |            BLOCKRAM |
| MMCME4_ADV       |      2 |               Clock |
| PS8              |      1 |            Advanced |
| IBUFDS_GTE4      |      1 |                 I/O |
| GTYE4_COMMON     |      1 |            Advanced |
| GTYE4_CHANNEL    |      1 |            Advanced |
| DNA_PORTE2       |      1 |       Configuration |
| BUFG_PS          |      1 |               Clock |
| BUFGCE_DIV       |      1 |               Clock |
| BSCANE2          |      1 |       Configuration |
| AND2B1L          |      1 |              Others |
+------------------+--------+---------------------+


10. Black Boxes
---------------

+---------------------+------+
|       Ref Name      | Used |
+---------------------+------+
| dac_trigger_emitter |    1 |
+---------------------+------+


11. Instantiated Netlists
-------------------------

+---------------------------------------+------+
|                Ref Name               | Used |
+---------------------------------------+------+
| xxv_ethernet                          |    1 |
| rfdc_custom_xczu47dr_ip               |    1 |
| ila_udp_ddr                           |    1 |
| ila_s_axi_01                          |    1 |
| ila_hmc_event                         |    1 |
| ila_dac_axis                          |    1 |
| design_1_zynq_ultra_ps_e_0_0          |    1 |
| design_1_smartconnect_0_0             |    1 |
| ddr_custom_xczu47dr_ip_phy            |    1 |
| ddr_custom_xczu47dr_ip                |    1 |
| ddr_axi_smartconnect_smartconnect_0_0 |    1 |
| dbg_hub                               |    1 |
+---------------------------------------+------+


